<html>
<body>
<pre>
<h1>µVision Build Log</h1>
<h2>Tool Versions:</h2>
IDE-Version: ¦ÌVision V5.15
Copyright (C) 2015 ARM Ltd and ARM Germany GmbH. All rights reserved.
License Information: 11 9734653, HP Inc., LIC=VGXGK-Z249Y-LQF0Q-NGQD7-T45U1-GSSPD
 
Tool Versions:
Toolchain:       MDK-ARM Standard  Version: 5.15.0
Toolchain Path:  D:\worktool\KEIL_5\ARM\ARMCC\Bin
C Compiler:      Armcc.exe V5.05 update 2 (build 169)
Assembler:       Armasm.exe V5.05 update 2 (build 169)
Linker/Locator:  ArmLink.exe V5.05 update 2 (build 169)
Library Manager: ArmAr.exe V5.05 update 2 (build 169)
Hex Converter:   FromElf.exe V5.05 update 2 (build 169)
CPU DLL:         SARMCM3.DLL V5.15.0
Dialog DLL:      DCM.DLL V1.13.2.0
Target DLL:      CMSIS_AGDI.dll V1.21.12.0
Dialog DLL:      TCM.DLL V1.14.5.0
 
<h2>Project:</h2>
G:\Stm_code\nono\pwm_input\MDK-ARM\pwm_input.uvprojx
Project File Date:  01/17/2020

<h2>Output:</h2>
*** Using Compiler 'V5.05 update 2 (build 169)', folder: 'D:\worktool\KEIL_5\ARM\ARMCC\Bin'
Build target 'pwm_input'
assembling startup_stm32f103xb.s...
compiling main.c...
compiling stm32f1xx_it.c...
compiling stm32f1xx_hal_msp.c...
compiling stm32f1xx_hal_gpio_ex.c...
compiling stm32f1xx_hal_tim.c...
compiling stm32f1xx_hal_tim_ex.c...
compiling stm32f1xx_hal_uart.c...
compiling stm32f1xx_hal.c...
compiling stm32f1xx_hal_rcc.c...
compiling stm32f1xx_hal_rcc_ex.c...
compiling stm32f1xx_hal_gpio.c...
compiling stm32f1xx_hal_dma.c...
compiling stm32f1xx_hal_cortex.c...
compiling stm32f1xx_hal_pwr.c...
compiling stm32f1xx_hal_flash.c...
compiling stm32f1xx_hal_flash_ex.c...
compiling stm32f1xx_hal_exti.c...
compiling system_stm32f1xx.c...
linking...
Program Size: Code=5496 RO-data=292 RW-data=24 ZI-data=1152  
FromELF: creating hex file...
"pwm_input\pwm_input.axf" - 0 Error(s), 0 Warning(s).

<h2>Software Packages used:</h2>

Package Vendor: ARM
                http://www.keil.com/pack/ARM.CMSIS.4.3.0.pack
                ARM::CMSIS:CORE:4.1.0
                CMSIS (Cortex Microcontroller Software Interface Standard)
   * Component: CORE Version: 4.1.0

<h2>Collection of Component include folders:</h2>
  G:\Stm_code\nono\pwm_input\MDK-ARM\RTE
  D:\worktool\KEIL_5\ARM\PACK\ARM\CMSIS\4.3.0\CMSIS\Include
  D:\worktool\KEIL_5\ARM\PACK\Keil\STM32F1xx_DFP\1.1.0\Device\Include

<h2>Collection of Component Files used:</h2>

   * Component: ARM::CMSIS:CORE:4.1.0
</pre>
</body>
</html>
